I'm sorry, but errors were detected in your script. Please correct the
errors listed below, and try again.


File "game/classes/quests.rpy", line 3: non-default argument follows default argument
        def __init__(self, whatToDo, forWho, repeatable=True, location, countObj, 
                                                                         ^

Ren'Py Version: Ren'Py 8.3.4.24120703
Tue Feb  4 13:50:37 2025
